[ 'bar-0', 'bar-1', 'bar-2' ]
Caught exception: Fabric core exception: DG.n.getMembersBulkData('["bar"]'): command 'getMembersBulkData': index 0: no such member 'bar'
{ foo: [ 'bar-0', 'bar-1', 'bar-2' ] }
Caught exception: Fabric core exception: DG.n.getMembersBulkData('["foo","bar"]'): command 'getMembersBulkData': index 1: no such member 'bar'
