Node
{ foo: { name: 'foo', type: 'String' } }
2
fred
joe
{ parent: 'node2' }
