[FABRIC] [MT] Loaded testfile://tomatoes_960_640.png (mime type text/plain)
[FABRIC] [MT] PNG data size is 829667
[FABRIC] [MT] Image dimentions are 960 by 640
[FABRIC] [MT] Image pixels size is 614400
