[FABRIC] [MT] Loaded testfile://sample.hdr (mime type text/plain)
[FABRIC] [MT] HDR data size is 1318365
[FABRIC] [MT] Image dimensions are 768 by 1024
[FABRIC] [MT] Image pixels size is 786432
