3.141000032424927
2.717999935150146
3.141000032424927
