Math.Warning: Mat44.setFromMat44: Cannot invert xfo with non-uniform scaling without causing shearing. Try using inverseTransformVector, or use Mat44s instead.
[FABRIC] [MT] Math.Warning: Mat44.setFromMat44: Cannot invert xfo with non-uniform scaling without causing shearing. Try using inverseTransformVector, use Mat44s instead.
'set': [ -1, -2, -3, 1, 2, 3, 4, 4, 5, 6 ]
'setIdentity': [ 0, 0, 0, 0, 0, 0, 1, 1, 1, 1 ]
'originalXfo': [ 0, 0, 10, 0, 0.7071, 0, 0.7071, 2, 2, 2 ]
'toMat44': [ 0, 0, 2, 0, 0, 2, 0, 0, -2, 0, 0, 10, 0, 0, 0, 1 ]
'toMat44_multiplyVector': [ 0, 0, 8 ]
'xfo1_transformVector': [ 0, 0, 8 ]
'setFromMat44': [ 0, 0, 10, 0, 0.7071, 0, 0.7071, 2, 2, 2 ]
'setFromMat44_transformVector': [ 0, 0, 8 ]
'originalXfo_2': [ 0, 5, 0, 0, 0, -0.7071, 0.7071, 3, 3, 3 ]
'toMat44_2': [ 0, 3, 0, 0, -3, 0, 0, 5, 0, 0, 3, 0, 0, 0, 0, 1 ]
'toMat44_multiplyVector_2': [ 0, 2, 0 ]
'xfo1_transformVector_2': [ 0, 2, 0 ]
'setFromMat44_2': [ 0, 5, 0, 0, 0, -0.7071, 0.7071, 3, 3, 3 ]
'setFromMat44_transformVector_2': [ 0, 2, 0 ]
'multiply': [ 0, 5, 30, 0.5000, 0.5000, -0.5000, 0.5000, 6, 6, 6 ]
'toMat44_multiplyVector_3': [ 0, 5, 24 ]
'xfo1_transformVector_3': [ 0, 5, 24 ]
'inverse': [ 5, 0, 0.8333, -0.5000, -0.5000, 0.5000, 0.5000, 0.1667, 0.1667, 0.1667 ]
'inverse_transformVector_3': [ 1, 0, 0 ]
'inverseTransformVector_3': [ 1, 0, 0 ]
'originalXfo': [ 2, -3, 4, -0.1542, -0.3084, 0.4626, 0.8168, 3, -3, 3 ]
'toMat44': [ 1.145, 1.982, -1.939, 2, 2.552, -1.573, -0.1003, -3, 1.083, 1.612, 2.287, 4, 0, 0, 0, 1 ]
'toMat44_multiplyVector': [ 10.64, -8.398, -0.7201 ]
'xfo1_transformVector': [ 10.64, -8.398, -0.7201 ]
'setFromMat44': [ 2, -3, 4, -0.3084, 0.1542, 0.8168, -0.4626, -3, 3, 3 ]
'setFromMat44_transformVector': [ 10.64, -8.398, -0.7201 ]
'originalXfo_2': [ -10, 3, 5, 0.2007, -0.08027, 0.1204, 0.9689, 4, 4, 4 ]
'toMat44_2': [ 3.832, -1.062, -0.4289, -10, 0.8044, 3.562, -1.633, 3, 0.8155, 1.478, 3.626, 5, 0, 0, 0, 1 ]
'toMat44_multiplyVector_2': [ -14.67, 14.22, -3.738 ]
'xfo1_transformVector_2': [ -14.67, 14.22, -3.738 ]
'setFromMat44_2': [ -10, 3, 5, 0.2007, -0.08027, 0.1204, 0.9689, 4, 4, 4 ]
'setFromMat44_transformVector_2': [ -14.67, 14.22, -3.738 ]
'multiply': [ -0.8642, -12.61, 16.70, 0.01450, -0.4758, 0.4723, 0.7419, 12, -12, 12 ]
'toMat44_multiplyVector_3': [ 39.99, -17.18, -1.352 ]
'xfo1_transformVector_3': [ 39.99, -17.18, -1.352 ]
'inverse': [ -1.716, -0.03741, -0.3162, -0.01450, 0.4758, -0.4723, 0.7419, 0.08333, -0.08333, 0.08333 ]
'inverse_transformVector_3': [ -0.4763, -1.578, -3.359 ]
'inverseTransformVector_3': [ -1, 2, -3 ]
