1
binding 0: operator 'bar': node 'self': parameter 1: member 'testBool': element parmeters must bind to operator io parameters
