[[{"i": 42}, {"s": "3.141"}], [{"i": 64}, {"s": "5.670"}]]
[[{"i": 7}, {"s": "2.718"}]]
[FABRIC] [MT] parent data: [[{i:42,s:3.141},{i:64,s:5.67}],[{i:7,s:2.718}]]
