[FABRIC] [MT] Loaded testfile://sample.exr (mime type text/plain)
[FABRIC] [MT] EXR data size is 3180931
[FABRIC] [MT] Image dimensions are 587 by 675
[FABRIC] [MT] Image pixels size is 396225
