create and push operator: fire event successfully fails
load operator bytecode: fire event successfully fails
remove node member: fire event successfully fails
