Traceback (most recent call last):
  File "mr-reduce.py", line 1, in <module>
    import fabric
ImportError: No module named fabric
