Traceback (most recent call last):
  File "mr-strings.py", line 1, in <module>
    import fabric
ImportError: No module named fabric
