Traceback (most recent call last):
  File "mr-value-map.py", line 1, in <module>
    import fabric
ImportError: No module named fabric
