ARRAY 0
ARRAY 4
  INTEGER 43
  SCALAR 7980
  STRING 2 '"]'
  OBJECT 1
    STRING 4 'fred'
      ARRAY 2
        INTEGER 5
        INTEGER 6
