SCALAR 6.4839
SCALAR 3.14159265
SCALAR -4.567
SCALAR -0
SCALAR 0
SCALAR 0.045
SCALAR 7.99e+30
SCALAR 1000000000
SCALAR -0.004
