42
214
3
255
12
3
1
88
2
4
5
7
4
48
24
4
8
4
3
15
12
0
7
