error-boolean-and-lvalue.kl:14:3: error: no definition found for function foo(Integer)
