{string:"The string was 'foo'"}
{string:"The scalar was 2.718"}
