testRValue: true
testRValue: false
testRValue: true
testRValue: false
