7
Caught exception: sa-out-of-range.kl:10:10: index (16) out of range (16)
