4.5
-4.5
false
6.8
-14.2
11.28
-1.722222
0.5
7.1
9.2
13.9
62.55
-52.125
-1.125
