7
Caught exception: KL: String<> index (8) out of range (8)
